ESP-ROM:esp32p4-eco2-20240710
Build:Jul 10 2024
rst:0x1 (POWERON),boot:0x30f (SPI_FAST_FLASH_BOOT)
SPI mode:DIO, clock div:1
load:0x4ff33ce0,len:0x164c
load:0x4ff29ed0,len:0xdfc
load:0x4ff2cbd0,len:0x336c
entry 0x4ff29eda
I (25) boot: ESP-IDF v5.5.1 2nd stage bootloader
I (26) boot: compile time Aug 22 2026 03:58:53
I (26) boot: Multicore bootloader
I (27) boot: chip revision: v1.3
I (29) boot: efuse block revision: v0.3
I (32) boot.esp32p4: SPI Speed      : 80MHz
I (36) boot.esp32p4: SPI Mode       : DIO
I (40) boot.esp32p4: SPI Flash Size : 16MB
I (44) boot: Enabling RNG early entropy source...
I (48) boot: Partition Table:
I (51) boot: ## Label            Usage          Type ST Offset   Length
I (57) boot:  0 nvs              WiFi data        01 02 00009000 00006000
I (64) boot:  1 phy_init         RF data          01 01 0000f000 00001000
I (70) boot:  2 factory          factory app      00 00 00010000 00100000
I (78) boot: End of partition table
I (80) esp_image: segment 0: paddr=00010020 vaddr=40020020 size=0cdc0h ( 52672) map
I (97) esp_image: segment 1: paddr=0001cde8 vaddr=30100000 size=00068h (   104) load
I (99) esp_image: segment 2: paddr=0001ce58 vaddr=4ff00000 size=031c0h ( 12736) load
I (106) esp_image: segment 3: paddr=00020020 vaddr=40000020 size=1f11ch (127260) map
I (132) esp_image: segment 4: paddr=0003f144 vaddr=4ff031c0 size=0ccbch ( 52412) load
I (144) esp_image: segment 5: paddr=0004be08 vaddr=4ff0fe80 size=02788h ( 10120) load
I (151) boot: Loaded app from partition at offset 0x10000
I (151) boot: Disabling RNG early entropy source...
I (164) hex_psram: vendor id    : 0x0d (AP)
I (164) hex_psram: Latency      : 0x01 (Fixed)
I (164) hex_psram: DriveStr.    : 0x00 (25 Ohm)
I (165) hex_psram: dev id       : 0x03 (generation 4)
I (170) hex_psram: density      : 0x07 (256 Mbit)
I (174) hex_psram: good-die     : 0x06 (Pass)
I (178) hex_psram: SRF          : 0x02 (Slow Refresh)
I (183) hex_psram: BurstType    : 0x00 ( Wrap)
I (187) hex_psram: BurstLen     : 0x03 (2048 Byte)
I (192) hex_psram: BitMode      : 0x01 (X16 Mode)
I (196) hex_psram: Readlatency  : 0x02 (10 cycles@Fixed)
I (201) hex_psram: DriveStrength: 0x00 (1/1)
I (205) MSPI DQS: tuning success, best phase id is 0
I (381) MSPI DQS: tuning success, best delayline id is 15
I (382) esp_psram: Found 32MB PSRAM device
I (382) esp_psram: Speed: 80MHz
I (382) hex_psram: psram CS IO is dedicated
I (386) cpu_start: Multicore app
I (1635) esp_psram: SPI SRAM memory test OK
I (1645) cpu_start: Pro cpu start user code
I (1645) cpu_start: cpu freq: 360000000 Hz
I (1645) app_init: Application information:
I (1645) app_init: Project name:     aethercore_p4_qualification
I (1651) app_init: App version:      b09d0d2
I (1655) app_init: Compile time:     Aug 22 2026 04:56:19
I (1660) app_init: ELF file SHA256:  5f3833ec1...
I (1664) app_init: ESP-IDF:          v5.5.1
I (1668) efuse_init: Min chip rev:     v0.1
I (1672) efuse_init: Max chip rev:     v1.99 
I (1676) efuse_init: Chip rev:         v1.3
I (1680) heap_init: Initializing. RAM available for dynamic allocation:
I (1687) heap_init: At 4FF14420 len 00026BA0 (154 KiB): RAM
I (1692) heap_init: At 4FF3AFC0 len 00004BF0 (18 KiB): RAM
I (1697) heap_init: At 4FF40000 len 00060000 (384 KiB): RAM
I (1703) heap_init: At 50108080 len 00007F80 (31 KiB): RTCRAM
I (1708) heap_init: At 30100068 len 00001F98 (7 KiB): TCM
I (1713) esp_psram: Adding pool of 32768K of PSRAM memory to heap allocator
I (1721) spi_flash: detected chip: gd
I (1723) spi_flash: flash io: dio
W (1726) spi_flash: Detected size(32768k) larger than the size in the binary image header(16384k). Using the size in the binary image header.
I (1739) main_task: Started on CPU0
I (1764) esp_psram: Reserving pool of 32K of internal memory for DMA/internal allocations
I (1765) main_task: Calling app_main()
I (1765) ac_p4_qual: aethercore-v14 p4 physical qualification (phase 1 build)
I (1771) ac_p4_qual: idf=v5.5.1 chip_model=18 cores=2 rev=103
I (1777) ac_p4_qual: cpu_hz=360000000 flash_bytes=16777216 psram_bytes=33554432
I (1784) ac_p4_qual: abi_version=1 workspace=648 session=872 session_wire=836 cog_wire=180
I (1792) ac_p4_qual: abi entry points retained=27 sentinel=4000fccc
I (1798) ac_p4_qual: [boot] internal free=593635 largest=385024
I (1803) ac_p4_qual: [boot] psram free=33551716 largest=33030144 total=33554432
I (1810) ac_p4_qual: [boot] main task stack high-water=1248 bytes
I (1816) ac_p4_qual: policy validate=0 params=1292 macs/decision=1292
I (1822) ac_p4_qual: smoke select status=0 action=11 logit=5888
I (1828) ac_p4_qual: [post-policy] internal free=593635 largest=385024
I (1834) ac_p4_qual: [post-policy] psram free=33551716 largest=33030144 total=33554432
I (1842) ac_p4_qual: [post-policy] main task stack high-water=1248 bytes
I (1848) ac_p4_qual: phase 2: replaying frozen parity vectors
I (1856) ac_p4_qual: PARITY RESULT: pass=51 fail=0
PARITY: PASS (51/51)
